// Jest Snapshot v1, https://goo.gl/fbAQLP

exports[`Navbar match snapshot 1`] = `
<DocumentFragment>
  <ul
    style="display: flex; justify-content: center; list-style-type: none; margin: 0px; padding: 0px; gap: 100px; align-items: center;"
  >
    <li>
      <div
        data-testid="Link"
        data-to="/home"
      >
        Home
      </div>
    </li>
    <li>
      <div
        data-testid="Link"
        data-to="/catalogue"
      >
        Catalogue
      </div>
    </li>
    <li>
      <div
        data-testid="Link"
        data-to="/about"
      >
        About
      </div>
    </li>
    <li>
      <a
        href="#"
        style="text-decoration: none; font-weight: bold; cursor: pointer;"
      >
        Sign In
      </a>
    </li>
  </ul>
</DocumentFragment>
`;
