// Jest Snapshot v1, https://goo.gl/fbAQLP

exports[`Footer display MERCADONA 1`] = `
<DocumentFragment>
  <div
    style="display: flex; justify-content: center; align-items: end; background-color: red; width: 100%; height: 8%; margin-top: auto;"
  >
    <h4>
      MERCADONA
    </h4>
  </div>
</DocumentFragment>
`;

exports[`Footer match snapshot 1`] = `
<DocumentFragment>
  <div
    style="display: flex; justify-content: center; align-items: end; background-color: red; width: 100%; height: 8%; margin-top: auto;"
  >
    <h4>
      MERCADONA
    </h4>
  </div>
</DocumentFragment>
`;
